../Core/Src/main.c:74:5:main	128	static
../Core/Src/main.c:160:6:SystemClock_Config	72	static
../Core/Src/main.c:197:13:MX_GPIO_Init	32	static
../Core/Src/main.c:221:6:accessSharedData	8	static
../Core/Src/main.c:237:6:SimulateReadWriteOperation	16	static,ignoring_inline_asm
../Core/Src/main.c:254:6:StartDefaultTask	16	static
../Core/Src/main.c:272:6:GreendLedTask	16	static
../Core/Src/main.c:295:6:RedLedTask	16	static
../Core/Src/main.c:318:6:OrangeLedTask	16	static
../Core/Src/main.c:338:6:HAL_TIM_PeriodElapsedCallback	16	static
../Core/Src/main.c:355:6:Error_Handler	4	static,ignoring_inline_asm
